---
source: hasm/src/lib.rs
expression: words
---
[
    1,
    2,
    5,
    3,
    0,
    2,
    240,
    14,
    4,
    1000,
    0,
    4294967280,
    1000,
    4294967295,
    3073,
    2,
    1,
    3082,
    27,
    22,
    2,
    1,
    25,
    0,
    2,
    3076,
    14,
    241,
]
